// Jest Snapshot v1, https://goo.gl/fbAQLP

exports[`HelloWorld renders hello world 1`] = `
<div>
  <div>
    <span>
      COL
    </span>
    <span>
      1
    </span>
    <span>
      x
    </span>
    <span>
      2
    </span>
    <span>
      FEC
    </span>
    <span>
      71:12
    </span>
  </div>
</div>
`;
